# Longitude and Latitude Values

A geographical coordinate.

## Properties

| Property    | Type   | Required | Description |
|-------------|--------|----------|-------------|
| `latitude`  | number | **Yes**  |             |
| `longitude` | number | **Yes**  |             |

